
> docsagev2@1.0.13 build:api
> npm run build --workspace=api


> docsage-api@1.0.0 build
> tsc

src/controllers/docs.controller.ts(1,35): error TS2307: Cannot find module 'express' or its corresponding type declarations.
src/index.ts(1,21): error TS2307: Cannot find module 'express' or its corresponding type declarations.
src/index.ts(2,18): error TS2307: Cannot find module 'cors' or its corresponding type declarations.
src/index.ts(15,15): error TS7006: Parameter 'req' implicitly has an 'any' type.
src/index.ts(15,20): error TS7006: Parameter 'res' implicitly has an 'any' type.
node.exe : npm 
error Lifecycle 
script `build` 
failed with error:
At C:\nvm4w\nodejs\n
pm.ps1:29 char:3
+   & $NODE_EXE 
$NPM_CLI_JS $args
+   ~~~~~~~~~~~~~~~~
~~~~~~~~~~~~~
    + CategoryInfo  
            : NotS  
  pecified: (npm    
 error Lifec...l    
ed with error::    
String) [], Rem    
oteException
    + FullyQualifie 
   dErrorId : Nati  
  veCommandError
 
npm error code 2
npm error path C:\Us
ers\HP\Desktop\docsa
ge2\api
npm error workspace 
docsage-api@1.0.0
npm error location C
:\Users\HP\Desktop\d
ocsage2\api
npm error command 
failed
npm error command C:
\WINDOWS\system32\cm
d.exe /d /s /c tsc
